// Bun Snapshot v1, https://bun.sh/docs/test/snapshots

exports[`DashboardApp matches a wide-layout snapshot 1`] = `
"                                                                                                    
                                                                                                    
                                                                                                    
                                                                                                    
                                                                                                    
                                                                                                    
                                                                                                    
                                                                                                    
                                                                                                    
                                                                                                    
                                                                                                    
                                                                                                    
                                                                                                    
                                                                                                    
                                                                                                    
                                                                                                    
                                                                                                    
                                                                                                    
                                                                                                    
                                                                                                    
                                                                                                    
                                                                                                    
                                                                                                    
                                                                                                    
"
`;

exports[`DashboardApp matches a compact stacked snapshot on small terminals 1`] = `
"                                                            
                                                            
                                                            
                                                            
                                                            
                                                            
                                                            
                                                            
                                                            
                                                            
                                                            
                                                            
                                                            
                                                            
"
`;

exports[`Pane snapshots matches a compact SessionListPane snapshot 1`] = `
"                                                
                                                
                                                
                                                
                                                
                                                
                                                
                                                
"
`;

exports[`Pane snapshots matches a narrow SessionDetailsPane snapshot 1`] = `
"                                                    
                                                    
                                                    
                                                    
                                                    
                                                    
                                                    
                                                    
                                                    
                                                    
                                                    
                                                    
"
`;
