// Bun Snapshot v1, https://bun.sh/docs/test/snapshots

exports[`DashboardApp matches a wide-layout snapshot 1`] = `
"┌───────────────── Token Trend ──────────────────┐┌────────────────── Top Models ──────────────────┐
│No data for current filters                     ││No data                                         │
│                                                ││                                                │
│                                                │└────────────────────────────────────────────────┘
│                                                │┌───────────────── Agent Tokens ─────────────────┐
│                                                ││No data                                         │
│                                                │└────────────────────────────────────────────────┘
│                                                │┌─────────────── Agent Cost (est) ───────────────┐
│                                                ││No cost data                                    │
└────────────────────────────────────────────────┘└────────────────────────────────────────────────┘
┌──────────── Sessions | Agent: all ─────────────┐┌─────────────── Session Summary ────────────────┐
│Sort: Recent DESC | keys: s/a                   ││No session selected                             │
│  Agent       Project      Tokens    Est Cost   ││                                                │
│  ─────────── ──────────── ───────── ─────────  ││                                                │
│No sessions found                               ││                                                │
│                                                ││                                                │
│                                                ││                                                │
│                                                ││                                                │
│                                                ││                                                │
│                                                ││                                                │
│                                                ││                                                │
│                                                ││                                                │
└────────────────────────────────────────────────┘└────────────────────────────────────────────────┘
  ready | tab all | win 7d | recent desc | warn 0 | sel 0/0 | gen not loaded | w details | ? help   
"
`;

exports[`DashboardApp matches a compact stacked snapshot on small terminals 1`] = `
"┌───────────────── Sessions | Agent: all ──────────────────┐
│Sort: Recent DESC | keys: s/a                             │
│  Agent       Project  Tokens    Est Cost  Msgs  Starte...│
└──────────────────────────────────────────────────────────┘
┌──────────────────── Session Summary ─────────────────────┐
│No session selected                                       │
└──────────────────────────────────────────────────────────┘
┌────────────────────── Token Trend ───────────────────────┐
│No data for current filters                               │
└──────────────────────────────────────────────────────────┘
┌─────────────────────── Top Models ───────────────────────┐
│No data                                                   │
└──────────────────────────────────────────────────────────┘
                  all | 7d | 0/0 | w0 | ?                   
"
`;

exports[`Pane snapshots matches a compact SessionListPane snapshot 1`] = `
"┌─────────── Sessions | Agent: all ────────────┐
│Sort: Recent DESC | keys: s/a                 │
│  Agent       Project    Tokens    Est Cost   │
│  ─────────── ────────── ───────── ─────────  │
│> Claude      /atlas     3,200     $1.12      │
│  Gemini      /orbit     2,500     $0.87      │
│  Opencode    /zephyr    5,300     $2.41      │
└──────────────────────────────────────────────┘
"
`;

exports[`Pane snapshots matches a narrow SessionDetailsPane snapshot 1`] = `
"┌──────────────── Session Summary ─────────────────┐
│Agent: opencode                                   │
│Tokens: 5,300   Cost: $2.41                       │
└──────────────────────────────────────────────────┘
┌──────────────────── Context ─────────────────────┐
│Project: /workspaces/zephyr                       │
│Model: openai/o4-mini                             │
└──────────────────────────────────────────────────┘
┌─────────────────── Token Mix ────────────────────┐
│Input       ██████████████████████████ 2,800 (53%)│
│Output      ██████████████             1,500 (28%)│
└──────────────────────────────────────────────────┘
"
`;
